// Vitest Snapshot v1

exports[`check someting 1`] = `
{
  "asFragment": [Function],
  "baseElement": <body>
    <div>
      <div
        class="mantine-Container-root mantine-1jly7oz"
        style="background: rgb(248, 249, 250);"
      >
        <div
          class="mantine-Group-root mantine-x03taj"
          style="background: white; border-radius: 10px;"
        >
          <form
            class="mantine-gnzaph mantine-Group-child"
            style="width: 100%;"
          >
            <div
              class="mantine-TextInput-root mantine-10rtrbx"
            >
              <label
                class="mantine-1w07r5r mantine-TextInput-label"
                for="mantine-exqmqpxs1"
                id="mantine-exqmqpxs1-label"
              >
                Email
                <span
                  aria-hidden="true"
                  class="mantine-1m203yh mantine-TextInput-required"
                >
                   *
                </span>
              </label>
              <div
                class="mantine-TextInput-wrapper mantine-12sbrde"
              >
                <input
                  aria-invalid="false"
                  class="mantine-TextInput-defaultVariant mantine-TextInput-input mantine-g773hu"
                  id="mantine-exqmqpxs1"
                  placeholder="Enter your Email"
                  required=""
                  type="text"
                  value=""
                />
              </div>
            </div>
            <div
              class="mantine-TextInput-root mantine-1x9761l"
            >
              <label
                class="mantine-1w07r5r mantine-TextInput-label"
                for="mantine-zwd3hgd2t"
                id="mantine-zwd3hgd2t-label"
              >
                Password
                <span
                  aria-hidden="true"
                  class="mantine-1m203yh mantine-TextInput-required"
                >
                   *
                </span>
              </label>
              <div
                class="mantine-TextInput-wrapper mantine-12sbrde"
              >
                <input
                  aria-invalid="false"
                  class="mantine-TextInput-defaultVariant mantine-TextInput-input mantine-15cu3qq"
                  id="mantine-zwd3hgd2t"
                  placeholder="Password"
                  required=""
                  type="password"
                  value=""
                />
                <div
                  class="mantine-1n9cu5e mantine-TextInput-rightSection"
                >
                  <svg
                    fill="currentColor"
                    height="1em"
                    stroke="currentColor"
                    stroke-width="0"
                    style="cursor: pointer;"
                    viewBox="0 0 16 16"
                    width="1em"
                    xmlns="http://www.w3.org/2000/svg"
                  >
                    <path
                      d="m10.79 12.912-1.614-1.615a3.5 3.5 0 0 1-4.474-4.474l-2.06-2.06C.938 6.278 0 8 0 8s3 5.5 8 5.5a7.029 7.029 0 0 0 2.79-.588zM5.21 3.088A7.028 7.028 0 0 1 8 2.5c5 0 8 5.5 8 5.5s-.939 1.721-2.641 3.238l-2.062-2.062a3.5 3.5 0 0 0-4.474-4.474L5.21 3.089z"
                    />
                    <path
                      d="M5.525 7.646a2.5 2.5 0 0 0 2.829 2.829l-2.83-2.829zm4.95.708-2.829-2.83a2.5 2.5 0 0 1 2.829 2.829zm3.171 6-12-12 .708-.708 12 12-.708.708z"
                    />
                  </svg>
                </div>
              </div>
            </div>
            <div
              class="mantine-Text-root mantine-y2od05"
            />
            <button
              class="mantine-Button-filled mantine-Button-root mantine-1fhoz4r"
              type="submit"
            >
              <div
                class="mantine-3xbgk5 mantine-Button-inner"
              >
                <span
                  class="mantine-qo1k2 mantine-Button-label"
                >
                  Login
                </span>
              </div>
            </button>
          </form>
        </div>
      </div>
    </div>
  </body>,
  "container": <div>
    <div
      class="mantine-Container-root mantine-1jly7oz"
      style="background: rgb(248, 249, 250);"
    >
      <div
        class="mantine-Group-root mantine-x03taj"
        style="background: white; border-radius: 10px;"
      >
        <form
          class="mantine-gnzaph mantine-Group-child"
          style="width: 100%;"
        >
          <div
            class="mantine-TextInput-root mantine-10rtrbx"
          >
            <label
              class="mantine-1w07r5r mantine-TextInput-label"
              for="mantine-exqmqpxs1"
              id="mantine-exqmqpxs1-label"
            >
              Email
              <span
                aria-hidden="true"
                class="mantine-1m203yh mantine-TextInput-required"
              >
                 *
              </span>
            </label>
            <div
              class="mantine-TextInput-wrapper mantine-12sbrde"
            >
              <input
                aria-invalid="false"
                class="mantine-TextInput-defaultVariant mantine-TextInput-input mantine-g773hu"
                id="mantine-exqmqpxs1"
                placeholder="Enter your Email"
                required=""
                type="text"
                value=""
              />
            </div>
          </div>
          <div
            class="mantine-TextInput-root mantine-1x9761l"
          >
            <label
              class="mantine-1w07r5r mantine-TextInput-label"
              for="mantine-zwd3hgd2t"
              id="mantine-zwd3hgd2t-label"
            >
              Password
              <span
                aria-hidden="true"
                class="mantine-1m203yh mantine-TextInput-required"
              >
                 *
              </span>
            </label>
            <div
              class="mantine-TextInput-wrapper mantine-12sbrde"
            >
              <input
                aria-invalid="false"
                class="mantine-TextInput-defaultVariant mantine-TextInput-input mantine-15cu3qq"
                id="mantine-zwd3hgd2t"
                placeholder="Password"
                required=""
                type="password"
                value=""
              />
              <div
                class="mantine-1n9cu5e mantine-TextInput-rightSection"
              >
                <svg
                  fill="currentColor"
                  height="1em"
                  stroke="currentColor"
                  stroke-width="0"
                  style="cursor: pointer;"
                  viewBox="0 0 16 16"
                  width="1em"
                  xmlns="http://www.w3.org/2000/svg"
                >
                  <path
                    d="m10.79 12.912-1.614-1.615a3.5 3.5 0 0 1-4.474-4.474l-2.06-2.06C.938 6.278 0 8 0 8s3 5.5 8 5.5a7.029 7.029 0 0 0 2.79-.588zM5.21 3.088A7.028 7.028 0 0 1 8 2.5c5 0 8 5.5 8 5.5s-.939 1.721-2.641 3.238l-2.062-2.062a3.5 3.5 0 0 0-4.474-4.474L5.21 3.089z"
                  />
                  <path
                    d="M5.525 7.646a2.5 2.5 0 0 0 2.829 2.829l-2.83-2.829zm4.95.708-2.829-2.83a2.5 2.5 0 0 1 2.829 2.829zm3.171 6-12-12 .708-.708 12 12-.708.708z"
                  />
                </svg>
              </div>
            </div>
          </div>
          <div
            class="mantine-Text-root mantine-y2od05"
          />
          <button
            class="mantine-Button-filled mantine-Button-root mantine-1fhoz4r"
            type="submit"
          >
            <div
              class="mantine-3xbgk5 mantine-Button-inner"
            >
              <span
                class="mantine-qo1k2 mantine-Button-label"
              >
                Login
              </span>
            </div>
          </button>
        </form>
      </div>
    </div>
  </div>,
  "debug": [Function],
  "findAllByAltText": [Function],
  "findAllByDisplayValue": [Function],
  "findAllByLabelText": [Function],
  "findAllByPlaceholderText": [Function],
  "findAllByRole": [Function],
  "findAllByTestId": [Function],
  "findAllByText": [Function],
  "findAllByTitle": [Function],
  "findByAltText": [Function],
  "findByDisplayValue": [Function],
  "findByLabelText": [Function],
  "findByPlaceholderText": [Function],
  "findByRole": [Function],
  "findByTestId": [Function],
  "findByText": [Function],
  "findByTitle": [Function],
  "getAllByAltText": [Function],
  "getAllByDisplayValue": [Function],
  "getAllByLabelText": [Function],
  "getAllByPlaceholderText": [Function],
  "getAllByRole": [Function],
  "getAllByTestId": [Function],
  "getAllByText": [Function],
  "getAllByTitle": [Function],
  "getByAltText": [Function],
  "getByDisplayValue": [Function],
  "getByLabelText": [Function],
  "getByPlaceholderText": [Function],
  "getByRole": [Function],
  "getByTestId": [Function],
  "getByText": [Function],
  "getByTitle": [Function],
  "queryAllByAltText": [Function],
  "queryAllByDisplayValue": [Function],
  "queryAllByLabelText": [Function],
  "queryAllByPlaceholderText": [Function],
  "queryAllByRole": [Function],
  "queryAllByTestId": [Function],
  "queryAllByText": [Function],
  "queryAllByTitle": [Function],
  "queryByAltText": [Function],
  "queryByDisplayValue": [Function],
  "queryByLabelText": [Function],
  "queryByPlaceholderText": [Function],
  "queryByRole": [Function],
  "queryByTestId": [Function],
  "queryByText": [Function],
  "queryByTitle": [Function],
  "rerender": [Function],
  "unmount": [Function],
}
`;
